[05-Sep-2025 11:57:50 UTC] PHP Fatal error:  Uncaught Error: Call to undefined function get_header() in C:\Users\Philemon_Dev\Local Sites\ubc\app\public\wp-content\themes\Eduka\index.php:2
Stack trace:
#0 {main}
  thrown in C:\Users\Philemon_Dev\Local Sites\ubc\app\public\wp-content\themes\Eduka\index.php on line 2
[08-Sep-2025 08:55:33 UTC] PHP Warning:  Trying to access array offset on value of type null in C:\Users\Philemon_Dev\Local Sites\ubc\app\public\wp-content\themes\Eduka\functions.php on line 125
[08-Sep-2025 08:55:33 UTC] PHP Warning:  Undefined array key "description" in C:\Users\Philemon_Dev\Local Sites\ubc\app\public\wp-content\themes\Eduka\functions.php on line 133
[08-Sep-2025 08:56:58 UTC] PHP Warning:  Trying to access array offset on value of type null in C:\Users\Philemon_Dev\Local Sites\ubc\app\public\wp-content\themes\Eduka\functions.php on line 125
[08-Sep-2025 08:56:58 UTC] PHP Warning:  Undefined array key "description" in C:\Users\Philemon_Dev\Local Sites\ubc\app\public\wp-content\themes\Eduka\functions.php on line 133
<<<<<<< HEAD
[19-Sep-2025 11:40:10 UTC] PHP Warning:  Trying to access array offset on value of type null in C:\Users\Philemon_Dev\Local Sites\ubc\app\public\wp-content\themes\Eduka\functions.php on line 125
[19-Sep-2025 11:40:10 UTC] PHP Warning:  Undefined array key "description" in C:\Users\Philemon_Dev\Local Sites\ubc\app\public\wp-content\themes\Eduka\functions.php on line 133
[19-Sep-2025 11:40:48 UTC] PHP Warning:  Trying to access array offset on value of type null in C:\Users\Philemon_Dev\Local Sites\ubc\app\public\wp-content\themes\Eduka\functions.php on line 125
[19-Sep-2025 11:40:48 UTC] PHP Warning:  Undefined array key "description" in C:\Users\Philemon_Dev\Local Sites\ubc\app\public\wp-content\themes\Eduka\functions.php on line 133
=======
[09-Sep-2025 11:10:46 UTC] PHP Warning:  Trying to access array offset on value of type null in C:\Users\Philemon_Dev\Local Sites\ubc\app\public\wp-content\themes\Eduka\functions.php on line 125
[09-Sep-2025 11:10:46 UTC] PHP Warning:  Undefined array key "description" in C:\Users\Philemon_Dev\Local Sites\ubc\app\public\wp-content\themes\Eduka\functions.php on line 133
[10-Sep-2025 12:34:10 UTC] PHP Warning:  Undefined array key "image" in C:\Users\Philemon_Dev\Local Sites\ubc\app\public\wp-content\themes\Eduka\functions.php on line 125
[15-Sep-2025 09:30:22 UTC] PHP Warning:  Array to string conversion in C:\Users\Philemon_Dev\Local Sites\ubc\app\public\wp-content\plugins\advanced-custom-fields\includes\api\api-template.php on line 99
[15-Sep-2025 09:30:22 UTC] PHP Warning:  Array to string conversion in C:\Users\Philemon_Dev\Local Sites\ubc\app\public\wp-content\plugins\advanced-custom-fields\includes\api\api-template.php on line 115
[16-Sep-2025 11:39:03 UTC] PHP Warning:  Trying to access array offset on value of type null in C:\Users\Philemon_Dev\Local Sites\ubc\app\public\wp-content\themes\Eduka\functions.php on line 125
[16-Sep-2025 11:39:03 UTC] PHP Warning:  Undefined array key "description" in C:\Users\Philemon_Dev\Local Sites\ubc\app\public\wp-content\themes\Eduka\functions.php on line 133
>>>>>>> 53d1e7cefc350f1055b17910db30d9a4cffb1535
[02-Oct-2025 12:10:14 UTC] PHP Warning:  Undefined variable $relatedCourses in C:\Users\Philemon_Dev\Local Sites\ubc\app\public\wp-content\themes\Eduka\single-course.php on line 58
[02-Oct-2025 12:10:14 UTC] PHP Warning:  foreach() argument must be of type array|object, null given in C:\Users\Philemon_Dev\Local Sites\ubc\app\public\wp-content\themes\Eduka\single-course.php on line 58
